// Jest Snapshot v1, https://goo.gl/fbAQLP

exports[`Assignments Component snapshots renders 1`] = `ShallowWrapper {}`;
