// Jest Snapshot v1, https://goo.gl/fbAQLP

exports[`TestComponent Component snapshots renders 1`] = `
<div
  className="test-component"
  onClick={[Function]}
/>
`;
